Initialized native services in: C:\Users\jonis\.gradle\native
Initialized jansi services in: C:\Users\jonis\.gradle\native
Found daemon DaemonInfo{pid=7388, address=[4b2535d4-cd0a-403f-bef1-4c640748a5c1 port:63649, addresses:[/127.0.0.1]], state=Idle, lastBusy=1771591019223, context=DefaultDaemonContext[uid=e60cdeee-02a9-4358-87ea-a61ed7f2e3b7,javaHome=C:\Users\jonis\.jdks\ms-21.0.9,javaVersion=21,javaVendor=Microsoft,daemonRegistryDir=C:\Users\jonis\.gradle\daemon,pid=7388,idleTimeout=10800000,priority=NORMAL,applyInstrumentationAgent=true,nativeServicesMode=ENABLED,daemonOpts=-XX:MaxMetaspaceSize=384m,-XX:+HeapDumpOnOutOfMemoryError,-Xms256m,-Xmx512m,-Dfile.encoding=UTF-8,-Duser.country=LU,-Duser.language=de,-Duser.variant]} however its context does not match the desired criteria.
JVM is incompatible.
Wanted: DaemonRequestContext{jvmCriteria=C:\Program Files (x86)\Java\jre1.8.0_431 (no Daemon JVM specified, using current Java home), daemonOpts=[-XX:MaxMetaspaceSize=384m, -XX:+HeapDumpOnOutOfMemoryError, -Xms256m, -Xmx512m, -Dfile.encoding=windows-1252, -Duser.country=LU, -Duser.language=de, -Duser.variant], applyInstrumentationAgent=true, nativeServicesMode=ENABLED, priority=NORMAL}
Actual: DefaultDaemonContext[uid=e60cdeee-02a9-4358-87ea-a61ed7f2e3b7,javaHome=C:\Users\jonis\.jdks\ms-21.0.9,javaVersion=21,javaVendor=Microsoft,daemonRegistryDir=C:\Users\jonis\.gradle\daemon,pid=7388,idleTimeout=10800000,priority=NORMAL,applyInstrumentationAgent=true,nativeServicesMode=ENABLED,daemonOpts=-XX:MaxMetaspaceSize=384m,-XX:+HeapDumpOnOutOfMemoryError,-Xms256m,-Xmx512m,-Dfile.encoding=UTF-8,-Duser.country=LU,-Duser.language=de,-Duser.variant]

  Looking for a different daemon...
Removing 0 daemon stop events from registry
Starting a Gradle Daemon, 1 incompatible Daemon could not be reused, use --status for details
.\gradlew : 
In Zeile:1 Zeichen:1
+ .\gradlew build --stacktrace --info > 
build_output.log 2>&1 ; Get-Con ...
+ ~~~~~~~~~~~~~~~~~~~~~~~~~~~~~~~~~~~~~~~~~
~~~~~~~~~~~~~~~~~~
    + CategoryInfo          : NotSpecified 
   : (:String) [], RemoteException
    + FullyQualifiedErrorId : NativeComman 
   dError
 
FAILURE: Build failed with an exception.

* What went wrong:
Gradle requires JVM 17 or later to run. 
Your build is currently configured to use 
JVM 8.

* Try:
> Run with --debug option to get more log 
output.
> Run with --scan to get full insights 
from a Build Scan (powered by Develocity).
> Get more help at https://help.gradle.org.

* Exception is:
org.gradle.internal.jvm.UnsupportedJavaRunt
imeException: Gradle requires JVM 17 or 
later to run. Your build is currently 
configured to use JVM 8.
	at org.gradle.internal.jvm.UnsupportedJava
RuntimeException.assertIsSupportedDaemonJvm
Version(UnsupportedJavaRuntimeException.jav
a:54)
	at org.gradle.launcher.daemon.client.Defau
ltDaemonStarter.startDaemon(DefaultDaemonSt
arter.java:145)
	at org.gradle.launcher.daemon.client.Defau
ltDaemonConnector.doStartDaemon(DefaultDaem
onConnector.java:219)
	at org.gradle.launcher.daemon.client.Defau
ltDaemonConnector.startDaemon(DefaultDaemon
Connector.java:213)
	at org.gradle.launcher.daemon.client.Daemo
nClient.execute(DaemonClient.java:169)
	at org.gradle.launcher.daemon.client.Daemo
nClient.execute(DaemonClient.java:97)
	at org.gradle.launcher.cli.RunBuildAction.
run(RunBuildAction.java:56)
	at org.gradle.internal.Actions$RunnableAct
ionAdapter.execute(Actions.java:167)
	at org.gradle.launcher.cli.DefaultCommandL
ineActionFactory$ParseAndBuildAction.execut
e(DefaultCommandLineActionFactory.java:377)
	at org.gradle.launcher.cli.DefaultCommandL
ineActionFactory$ParseAndBuildAction.execut
e(DefaultCommandLineActionFactory.java:341)
	at org.gradle.launcher.cli.DebugLoggerWarn
ingAction.execute(DebugLoggerWarningAction.
java:74)
	at org.gradle.launcher.cli.DebugLoggerWarn
ingAction.execute(DebugLoggerWarningAction.
java:30)
	at org.gradle.launcher.cli.WelcomeMessageA
ction.execute(WelcomeMessageAction.java:97)
	at org.gradle.launcher.cli.WelcomeMessageA
ction.execute(WelcomeMessageAction.java:40)
	at org.gradle.launcher.cli.NativeServicesI
nitializingAction.execute(NativeServicesIni
tializingAction.java:50)
	at org.gradle.launcher.cli.NativeServicesI
nitializingAction.execute(NativeServicesIni
tializingAction.java:27)
	at org.gradle.launcher.cli.ExceptionReport
ingAction.execute(ExceptionReportingAction.
java:41)
	at org.gradle.launcher.cli.ExceptionReport
ingAction.execute(ExceptionReportingAction.
java:26)
	at org.gradle.launcher.cli.DefaultCommandL
ineActionFactory$WithLogging.execute(Defaul
tCommandLineActionFactory.java:489)
	at org.gradle.launcher.Main.doAction(Main.
java:35)
	at org.gradle.launcher.bootstrap.EntryPoin
t.run(EntryPoint.java:53)
	at sun.reflect.NativeMethodAccessorImpl.in
voke0(Native Method)
	at sun.reflect.NativeMethodAccessorImpl.in
voke(Unknown Source)
	at sun.reflect.DelegatingMethodAccessorImp
l.invoke(Unknown Source)
	at 
java.lang.reflect.Method.invoke(Unknown 
Source)
	at org.gradle.launcher.bootstrap.ProcessBo
otstrap.runNoExit(ProcessBootstrap.java:72)
	at org.gradle.launcher.bootstrap.ProcessBo
otstrap.run(ProcessBootstrap.java:39)
	at org.gradle.launcher.GradleMain.main(Gra
dleMain.java:26)
	at sun.reflect.NativeMethodAccessorImpl.in
voke0(Native Method)
	at sun.reflect.NativeMethodAccessorImpl.in
voke(Unknown Source)
	at sun.reflect.DelegatingMethodAccessorImp
l.invoke(Unknown Source)
	at 
java.lang.reflect.Method.invoke(Unknown 
Source)
	at org.gradle.wrapper.GradleWrapperMain.ma
in(SourceFile:70)

