Starting a Gradle Daemon (subsequent builds will be faster)
.\gradlew.bat : 
In Zeile:1 Zeichen:1
+ .\gradlew.bat test > test-output.log 2>&1
+ ~~~~~~~~~~~~~~~~~~~~~~~~~~~~~~~~~~~~~~~~~
    + CategoryInfo          : NotSpecified 
   : (:String) [], RemoteException
    + FullyQualifiedErrorId : NativeComman 
   dError
 
FAILURE: Build failed with an exception.

* What went wrong:
Gradle requires JVM 17 or later to run. 
Your build is currently configured to use 
JVM 8.

* Try:
> Run with --stacktrace option to get the 
stack trace.
> Run with --info or --debug option to get 
more log output.
> Run with --scan to get full insights 
from a Build Scan (powered by Develocity).
> Get more help at https://help.gradle.org.
